---
source: crates/crochet_parser/src/lib.rs
expression: "parse(\"(a + b) * c;\")"
---
Ok(
    Program {
        body: [
            Expr {
                span: 0..12,
                expr: BinaryExpr(
                    BinaryExpr {
                        span: 0..11,
                        op: Mul,
                        left: BinaryExpr(
                            BinaryExpr {
                                span: 1..6,
                                op: Add,
                                left: Ident(
                                    Ident {
                                        span: 1..2,
                                        name: "a",
                                    },
                                ),
                                right: Ident(
                                    Ident {
                                        span: 5..6,
                                        name: "b",
                                    },
                                ),
                            },
                        ),
                        right: Ident(
                            Ident {
                                span: 10..11,
                                name: "c",
                            },
                        ),
                    },
                ),
            },
        ],
    },
)
