---
source: crates/crochet_parser/src/lib.rs
expression: "parse(r#\"\"\"\"#)"
---
Program {
    body: [
        Expr {
            span: 0..2,
            expr: Lit(
                Str(
                    Str {
                        span: 0..2,
                        value: "",
                    },
                ),
            ),
        },
    ],
}
